// Jest Snapshot v1, https://goo.gl/fbAQLP

exports[`HeadLine component render snapshot test 1`] = `
<View
  accessible={true}
  focusable={false}
  onClick={[Function]}
  onResponderGrant={[Function]}
  onResponderMove={[Function]}
  onResponderRelease={[Function]}
  onResponderTerminate={[Function]}
  onResponderTerminationRequest={[Function]}
  onStartShouldSetResponder={[Function]}
>
  <View
    style={
      Object {
        "marginHorizontal": 16,
        "marginVertical": 8,
      }
    }
  >
    <Text
      style={
        Object {
          "fontSize": 16,
        }
      }
    />
  </View>
</View>
`;
